TK_CURLY_BRACE_OPEN,
TK_CURLY_BRACE_CLOSE,
TK_SQUARE_BRACKET_OPEN,
TK_SQUARE_BRACKET_CLOSE,
TK_MINUS,
TK_PLUS,
TK_SLASH,
TK_ASTERISK,
TK_SEMICOLON,
TK_PARENTHESES_OPEN,
TK_PARENTHESES_CLOSE,
TK_ONE_EQUAL,
TK_PLUS,
TK_ONE_EQUAL,
TK_MINUS,
TK_ONE_EQUAL,
TK_ASTERISK,
TK_ONE_EQUAL,
TK_SLASH,
TK_ONE_EQUAL,
