NUMBER,99
NUMBER,0
TEXT,"hugo roque 938z"
NUMBER,-50
TEXT,"hey\n\t\"\^\~\-\+"
TEXT,""
TEXT,"\\"
TEXT,"\" very evil sample \""
HEXADECIMAL,1
HEXADECIMAL,0
HEXADECIMAL,256
HEXADECIMAL,-32
HEXADECIMAL,2560
HEXADECIMAL,240
HEXADECIMAL,-240
CHAR,'a'
CHAR,'\n'
CHAR,'\''
CHAR,'"'
CHAR,'\t'
CHAR,'\\'
TEXT,"teste \n"
