program:
  function:main,259,0
    block:
      var_declarations:
        variables:259,1
          variable:numbers
          variable:tokens
        variables:260,2
          variable:names
      statements:
        statement:
          block:
            var_declarations:
              variables:259,1
                variable:numbers
                variable:tokens
        statement:
          block:
            var_declarations:
              variables:260,2
                variable:names
        statement:
          attribution:
            var:x
            exp:0,10
        statement:
          attribution:
            var:x
            exp:1,0xa
        statement:
          attribution:
            var:x
            exp:2,j
        statement:
          return:
            exp:0,10
