declarations:
	declaration:
		function:main,259,0
			block:
				var_declarations:
					variables:
						variable:numbers,259,1
						variable:tokens,259,1
					variables:
						variable:names,260,2
				statements:
					statement:
						block:
							var_declarations:
								variables:
									variable:numbers,259,1
									variable:tokens,259,1
					statement:
						block:
							var_declarations:
								variables:
									variable:names,260,2
					statement:
						attribution:
							var:x
							exp:0,10
					statement:
						attribution:
							var:x
							exp:1,0xa
					statement:
						attribution:
							var:x
							exp:2,j
					statement:
						return:
							exp:0,10
					statement:
						return:
							exp:3,10.30000
					statement:
						return:
							exp:4,"hey jude"
