program:
  function:main,259,0
    block:
      statements:
        statement:
          attribution:
            var:x
            exp:7
              binary:1
                exp:7
                  binary:0
                    exp:0,10
                    exp:7
                      binary:3
                        exp:7
                          binary:2
                            exp:0,15
                            exp:0,20
                        exp:0,5
                exp:0,30
