program:
  function:main,259,0
    block:
      statements:
        statement:
          if:
            exp:7
              binary:5
                exp:0,2
                exp:0,0
            statement:
              block:
                statements:
                  statement:
                    function call:a
          else:
            statement:
              block:
                statements:
                  statement:
                    function call:b