TK_VOID,
TK_ID,CombComRepeticao
TK_PARENTHESES_OPEN,
TK_CHAR,
TK_SQUARE_BRACKET_OPEN,
TK_SQUARE_BRACKET_CLOSE,
TK_ID,alfabeto
TK_PARENTHESES_CLOSE,
TK_SEMICOLON,
TK_CHAR,
TK_SQUARE_BRACKET_OPEN,
TK_SQUARE_BRACKET_CLOSE,
TK_ID,Distintos
TK_PARENTHESES_OPEN,
TK_CHAR,
TK_SQUARE_BRACKET_OPEN,
TK_SQUARE_BRACKET_CLOSE,
TK_ID,alfabeto
TK_PARENTHESES_CLOSE,
TK_SEMICOLON,
TK_INT,
TK_ID,main
TK_PARENTHESES_OPEN,
TK_INT,
TK_ID,argc
TK_COMMA,
TK_CHAR,
TK_ID,argv
TK_SQUARE_BRACKET_OPEN,
TK_SQUARE_BRACKET_CLOSE,
TK_PARENTHESES_CLOSE,
TK_CURLY_BRACE_OPEN,
TK_CHAR,
TK_SQUARE_BRACKET_OPEN,
TK_SQUARE_BRACKET_CLOSE,
TK_ID,f
TK_ONE_EQUAL,
TK_ID,fopen
TK_PARENTHESES_OPEN,
TEXT,"dt.txt"
TK_COMMA,
TEXT,"wr"
TK_PARENTHESES_CLOSE,
TK_SEMICOLON,
TK_WHILE,
TK_PARENTHESES_OPEN,
TK_ID,feof
TK_PARENTHESES_OPEN,
TK_ID,f
TK_PARENTHESES_CLOSE,
TK_PARENTHESES_CLOSE,
TK_CURLY_BRACE_OPEN,
TK_ID,printf
TK_PARENTHESES_OPEN,
TEXT,"teste \n"
TK_PARENTHESES_CLOSE,
TK_SEMICOLON,
TK_CURLY_BRACE_CLOSE,
TK_ID,fclose
TK_PARENTHESES_OPEN,
TK_ID,f
TK_PARENTHESES_CLOSE,
TK_SEMICOLON,
TK_CURLY_BRACE_CLOSE, 
TK_VOID,
TK_ID,CombComRepeticao
TK_PARENTHESES_OPEN,
TK_CHAR,
TK_SQUARE_BRACKET_OPEN,
TK_SQUARE_BRACKET_CLOSE,
TK_ID,alfabeto
TK_PARENTHESES_CLOSE,
TK_CURLY_BRACE_OPEN,
TK_CURLY_BRACE_CLOSE,
TK_CHAR,
TK_SQUARE_BRACKET_OPEN,
TK_SQUARE_BRACKET_CLOSE,
TK_ID,Distintos
TK_PARENTHESES_OPEN,
TK_CHAR,
TK_SQUARE_BRACKET_OPEN,
TK_SQUARE_BRACKET_CLOSE,
TK_ID,alfabeto
TK_PARENTHESES_CLOSE,
TK_CURLY_BRACE_OPEN,
TK_RETURN,
TK_ID,alfabeto
TK_SEMICOLON,
TK_CURLY_BRACE_CLOSE,
